remote: error: GH013: Repository rule violations found for refs/heads/main.        
remote: 
remote: - GITHUB PUSH PROTECTION        
remote:   —————————————————————————————————————————        
remote:     Resolve the following violations before pushing again        
remote: 
remote:     - Push cannot contain secrets        
remote: 
remote:             
remote:      (?) Learn how to resolve a blocked push        
remote:      https://docs.github.com/code-security/secret-scanning/working-with-secret-scanning-and-push-protection/working-with-push-protection-from-the-command-line#resolving-a-blocked-push        
remote:             
remote:      (?) This repository does not have Secret Scanning enabled, but is eligible. Enable Secret Scanning to view and manage detected secrets.        
remote:      Visit the repository settings page, https://github.com/Imad05benali/aqarbot-saas/settings/security_analysis        
remote:             
remote:             
remote:       —— GCP API Key Bound to a Service Account ————————————        
remote:        locations:        
remote:          - commit: af95d68ada981c421f13e0f084c213702498f96b        
remote:            path: backend/.env:13        
remote:             
remote:        (?) To push, remove secret from commit(s) or follow this URL to allow the secret.        
remote:        https://github.com/Imad05benali/aqarbot-saas/security/secret-scanning/unblock-secret/3Ip5Zip1351WWtx8yO9Jy7MPtLs        
remote:             
remote: 
remote: 
To https://github.com/Imad05benali/aqarbot-saas.git
 ! [remote rejected] main -> main (push declined due to repository rule violations)
error: failed to push some refs to 'https://github.com/Imad05benali/aqarbot-saas.git'
